
> maxi@0.0.0 build
> vite build

[36mvite v8.0.9 [32mbuilding client environment for production...[36m[39m
[2Ktransforming...✓ 88 modules transformed.
[31m✗[39m Build failed in 279ms
[31merror during build:
[31mBuild failed with 1 error:

[31m[builtin:vite-transform] Error:[0m Unexpected token. Did you mean `{'}'}` or `&rbrace;`?
     [38;5;246m╭[0m[38;5;246m─[0m[38;5;246m[[0m src/components/CultivosTable.jsx:140:9 [38;5;246m][0m
     [38;5;246m│[0m
 [38;5;246m140 │[0m [38;5;249m [0m[38;5;249m [0m[38;5;249m [0m[38;5;249m [0m[38;5;249m [0m[38;5;249m [0m[38;5;249m [0m[38;5;249m [0m[38;5;249m}[0m[38;5;249m)[0m
 [38;5;240m    │[0m         │ 
 [38;5;240m    │[0m         ╰─ 
[38;5;246m─────╯[0m
[31m
    at aggregateBindingErrorsIntoJsError (file:///C:/Users/Usuario/Documents/maxi/node_modules/rolldown/dist/shared/error-DAA7ncC5.mjs:48:18)
    at unwrapBindingResult (file:///C:/Users/Usuario/Documents/maxi/node_modules/rolldown/dist/shared/error-DAA7ncC5.mjs:18:128)
    at #build (file:///C:/Users/Usuario/Documents/maxi/node_modules/rolldown/dist/shared/rolldown-build-BPKCFYpX.mjs:3317:34)
    at async buildEnvironment (file:///C:/Users/Usuario/Documents/maxi/node_modules/vite/dist/node/chunks/node.js:32999:64)
    at async Object.build (file:///C:/Users/Usuario/Documents/maxi/node_modules/vite/dist/node/chunks/node.js:33421:19)
    at async Object.buildApp (file:///C:/Users/Usuario/Documents/maxi/node_modules/vite/dist/node/chunks/node.js:33418:153)
    at async CAC.<anonymous> (file:///C:/Users/Usuario/Documents/maxi/node_modules/vite/dist/node/cli.js:778:3) {
  errors: [Getter/Setter]
}[39m
